// Jest Snapshot v1, https://goo.gl/fbAQLP

exports[`App Component Should match snapshot 1`] = `
{
  "asFragment": [Function],
  "baseElement": <body>
    <div>
      <div>
        <div
          class="mainphoto"
        >
          <p
            class="TextInstruction"
          >
             React Photo Viewer
          </p>
          <img
            class="selectedImage"
            src="https://picsum.photos/id/600/1600/900.jpg"
          />
        </div>
        <p
          class="TextInstruction"
        >
           Select your photo
        </p>
        <div
          class="imageSelector"
        >
          <div>
            <button
              class="selImage"
            >
              <img
                alt="https://picsum.photos/id/600/1600/900.jpg"
                class="thumbnailImage"
                src="https://picsum.photos/id/600/1600/900.jpg"
              />
            </button>
          </div>
          <div>
            <button
              class="selImage"
            >
              <img
                alt="https://picsum.photos/id/602/1600/900.jpg"
                class="thumbnailImage"
                src="https://picsum.photos/id/602/1600/900.jpg"
              />
            </button>
          </div>
          <div>
            <button
              class="selImage"
            >
              <img
                alt="https://picsum.photos/id/603/1600/900.jpg"
                class="thumbnailImage"
                src="https://picsum.photos/id/603/1600/900.jpg"
              />
            </button>
          </div>
          <div>
            <button
              class="selImage"
            >
              <img
                alt="https://picsum.photos/id/604/1600/900.jpg"
                class="thumbnailImage"
                src="https://picsum.photos/id/604/1600/900.jpg"
              />
            </button>
          </div>
          <div>
            <button
              class="selImage"
            >
              <img
                alt="https://picsum.photos/id/605/1600/900.jpg"
                class="thumbnailImage"
                src="https://picsum.photos/id/605/1600/900.jpg"
              />
            </button>
          </div>
          <div>
            <button
              class="selImage"
            >
              <img
                alt="https://picsum.photos/id/606/1600/900.jpg"
                class="thumbnailImage"
                src="https://picsum.photos/id/606/1600/900.jpg"
              />
            </button>
          </div>
          <div>
            <button
              class="selImage"
            >
              <img
                alt="https://picsum.photos/id/607/1600/900.jpg"
                class="thumbnailImage"
                src="https://picsum.photos/id/607/1600/900.jpg"
              />
            </button>
          </div>
          <div>
            <button
              class="selImage"
            >
              <img
                alt="https://picsum.photos/id/608/1600/900.jpg"
                class="thumbnailImage"
                src="https://picsum.photos/id/608/1600/900.jpg"
              />
            </button>
          </div>
          <div>
            <button
              class="selImage"
            >
              <img
                alt="https://picsum.photos/id/609/1600/900.jpg"
                class="thumbnailImage"
                src="https://picsum.photos/id/609/1600/900.jpg"
              />
            </button>
          </div>
          <div>
            <button
              class="selImage"
            >
              <img
                alt="https://picsum.photos/id/610/1600/900.jpg"
                class="thumbnailImage"
                src="https://picsum.photos/id/610/1600/900.jpg"
              />
            </button>
          </div>
          <div>
            <button
              class="selImage"
            >
              <img
                alt="https://picsum.photos/id/611/1600/900.jpg"
                class="thumbnailImage"
                src="https://picsum.photos/id/611/1600/900.jpg"
              />
            </button>
          </div>
          <div>
            <button
              class="selImage"
            >
              <img
                alt="https://picsum.photos/id/612/1600/900.jpg"
                class="thumbnailImage"
                src="https://picsum.photos/id/612/1600/900.jpg"
              />
            </button>
          </div>
          <div>
            <button
              class="selImage"
            >
              <img
                alt="https://picsum.photos/id/613/1600/900.jpg"
                class="thumbnailImage"
                src="https://picsum.photos/id/613/1600/900.jpg"
              />
            </button>
          </div>
          <div>
            <button
              class="selImage"
            >
              <img
                alt="https://picsum.photos/id/614/1600/900.jpg"
                class="thumbnailImage"
                src="https://picsum.photos/id/614/1600/900.jpg"
              />
            </button>
          </div>
          <div>
            <button
              class="selImage"
            >
              <img
                alt="https://picsum.photos/id/615/1600/900.jpg"
                class="thumbnailImage"
                src="https://picsum.photos/id/615/1600/900.jpg"
              />
            </button>
          </div>
          <div>
            <button
              class="selImage"
            >
              <img
                alt="https://picsum.photos/id/616/1600/900.jpg"
                class="thumbnailImage"
                src="https://picsum.photos/id/616/1600/900.jpg"
              />
            </button>
          </div>
          <div>
            <button
              class="selImage"
            >
              <img
                alt="https://picsum.photos/id/617/1600/900.jpg"
                class="thumbnailImage"
                src="https://picsum.photos/id/617/1600/900.jpg"
              />
            </button>
          </div>
          <div>
            <button
              class="selImage"
            >
              <img
                alt="https://picsum.photos/id/618/1600/900.jpg"
                class="thumbnailImage"
                src="https://picsum.photos/id/618/1600/900.jpg"
              />
            </button>
          </div>
          <div>
            <button
              class="selImage"
            >
              <img
                alt="https://picsum.photos/id/619/1600/900.jpg"
                class="thumbnailImage"
                src="https://picsum.photos/id/619/1600/900.jpg"
              />
            </button>
          </div>
          <div>
            <button
              class="selImage"
            >
              <img
                alt="https://picsum.photos/id/620/1600/900.jpg"
                class="thumbnailImage"
                src="https://picsum.photos/id/620/1600/900.jpg"
              />
            </button>
          </div>
          <div>
            <button
              class="selImage"
            >
              <img
                alt="https://picsum.photos/id/621/1600/900.jpg"
                class="thumbnailImage"
                src="https://picsum.photos/id/621/1600/900.jpg"
              />
            </button>
          </div>
          <div>
            <button
              class="selImage"
            >
              <img
                alt="https://picsum.photos/id/622/1600/900.jpg"
                class="thumbnailImage"
                src="https://picsum.photos/id/622/1600/900.jpg"
              />
            </button>
          </div>
          <div>
            <button
              class="selImage"
            >
              <img
                alt="https://picsum.photos/id/623/1600/900.jpg"
                class="thumbnailImage"
                src="https://picsum.photos/id/623/1600/900.jpg"
              />
            </button>
          </div>
          <div>
            <button
              class="selImage"
            >
              <img
                alt="https://picsum.photos/id/625/1600/900.jpg"
                class="thumbnailImage"
                src="https://picsum.photos/id/625/1600/900.jpg"
              />
            </button>
          </div>
          <div>
            <button
              class="selImage"
            >
              <img
                alt="https://picsum.photos/id/626/1600/900.jpg"
                class="thumbnailImage"
                src="https://picsum.photos/id/626/1600/900.jpg"
              />
            </button>
          </div>
          <div>
            <button
              class="selImage"
            >
              <img
                alt="https://picsum.photos/id/627/1600/900.jpg"
                class="thumbnailImage"
                src="https://picsum.photos/id/627/1600/900.jpg"
              />
            </button>
          </div>
          <div>
            <button
              class="selImage"
            >
              <img
                alt="https://picsum.photos/id/628/1600/900.jpg"
                class="thumbnailImage"
                src="https://picsum.photos/id/628/1600/900.jpg"
              />
            </button>
          </div>
          <div>
            <button
              class="selImage"
            >
              <img
                alt="https://picsum.photos/id/629/1600/900.jpg"
                class="thumbnailImage"
                src="https://picsum.photos/id/629/1600/900.jpg"
              />
            </button>
          </div>
          <div>
            <button
              class="selImage"
            >
              <img
                alt="https://picsum.photos/id/630/1600/900.jpg"
                class="thumbnailImage"
                src="https://picsum.photos/id/630/1600/900.jpg"
              />
            </button>
          </div>
          <div>
            <button
              class="selImage"
            >
              <img
                alt="https://picsum.photos/id/631/1600/900.jpg"
                class="thumbnailImage"
                src="https://picsum.photos/id/631/1600/900.jpg"
              />
            </button>
          </div>
          <div>
            <button
              class="selImage"
            >
              <img
                alt="https://picsum.photos/id/633/1600/900.jpg"
                class="thumbnailImage"
                src="https://picsum.photos/id/633/1600/900.jpg"
              />
            </button>
          </div>
          <div>
            <button
              class="selImage"
            >
              <img
                alt="https://picsum.photos/id/634/1600/900.jpg"
                class="thumbnailImage"
                src="https://picsum.photos/id/634/1600/900.jpg"
              />
            </button>
          </div>
          <div>
            <button
              class="selImage"
            >
              <img
                alt="https://picsum.photos/id/635/1600/900.jpg"
                class="thumbnailImage"
                src="https://picsum.photos/id/635/1600/900.jpg"
              />
            </button>
          </div>
          <div>
            <button
              class="selImage"
            >
              <img
                alt="https://picsum.photos/id/637/1600/900.jpg"
                class="thumbnailImage"
                src="https://picsum.photos/id/637/1600/900.jpg"
              />
            </button>
          </div>
          <div>
            <button
              class="selImage"
            >
              <img
                alt="https://picsum.photos/id/638/1600/900.jpg"
                class="thumbnailImage"
                src="https://picsum.photos/id/638/1600/900.jpg"
              />
            </button>
          </div>
          <div>
            <button
              class="selImage"
            >
              <img
                alt="https://picsum.photos/id/639/1600/900.jpg"
                class="thumbnailImage"
                src="https://picsum.photos/id/639/1600/900.jpg"
              />
            </button>
          </div>
          <div>
            <button
              class="selImage"
            >
              <img
                alt="https://picsum.photos/id/640/1600/900.jpg"
                class="thumbnailImage"
                src="https://picsum.photos/id/640/1600/900.jpg"
              />
            </button>
          </div>
          <div>
            <button
              class="selImage"
            >
              <img
                alt="https://picsum.photos/id/641/1600/900.jpg"
                class="thumbnailImage"
                src="https://picsum.photos/id/641/1600/900.jpg"
              />
            </button>
          </div>
          <div>
            <button
              class="selImage"
            >
              <img
                alt="https://picsum.photos/id/642/1600/900.jpg"
                class="thumbnailImage"
                src="https://picsum.photos/id/642/1600/900.jpg"
              />
            </button>
          </div>
          <div>
            <button
              class="selImage"
            >
              <img
                alt="https://picsum.photos/id/643/1600/900.jpg"
                class="thumbnailImage"
                src="https://picsum.photos/id/643/1600/900.jpg"
              />
            </button>
          </div>
          <div>
            <button
              class="selImage"
            >
              <img
                alt="https://picsum.photos/id/645/1600/900.jpg"
                class="thumbnailImage"
                src="https://picsum.photos/id/645/1600/900.jpg"
              />
            </button>
          </div>
          <div>
            <button
              class="selImage"
            >
              <img
                alt="https://picsum.photos/id/646/1600/900.jpg"
                class="thumbnailImage"
                src="https://picsum.photos/id/646/1600/900.jpg"
              />
            </button>
          </div>
          <div>
            <button
              class="selImage"
            >
              <img
                alt="https://picsum.photos/id/648/1600/900.jpg"
                class="thumbnailImage"
                src="https://picsum.photos/id/648/1600/900.jpg"
              />
            </button>
          </div>
          <div>
            <button
              class="selImage"
            >
              <img
                alt="https://picsum.photos/id/649/1600/900.jpg"
                class="thumbnailImage"
                src="https://picsum.photos/id/649/1600/900.jpg"
              />
            </button>
          </div>
        </div>
      </div>
    </div>
    <div>
      <div>
        <div
          class="mainphoto"
        >
          <p
            class="TextInstruction"
          >
             React Photo Viewer
          </p>
          <img
            class="selectedImage"
            src="https://picsum.photos/id/600/1600/900.jpg"
          />
        </div>
        <p
          class="TextInstruction"
        >
           Select your photo
        </p>
        <div
          class="imageSelector"
        >
          <div>
            <button
              class="selImage"
            >
              <img
                alt="https://picsum.photos/id/600/1600/900.jpg"
                class="thumbnailImage"
                src="https://picsum.photos/id/600/1600/900.jpg"
              />
            </button>
          </div>
          <div>
            <button
              class="selImage"
            >
              <img
                alt="https://picsum.photos/id/602/1600/900.jpg"
                class="thumbnailImage"
                src="https://picsum.photos/id/602/1600/900.jpg"
              />
            </button>
          </div>
          <div>
            <button
              class="selImage"
            >
              <img
                alt="https://picsum.photos/id/603/1600/900.jpg"
                class="thumbnailImage"
                src="https://picsum.photos/id/603/1600/900.jpg"
              />
            </button>
          </div>
          <div>
            <button
              class="selImage"
            >
              <img
                alt="https://picsum.photos/id/604/1600/900.jpg"
                class="thumbnailImage"
                src="https://picsum.photos/id/604/1600/900.jpg"
              />
            </button>
          </div>
          <div>
            <button
              class="selImage"
            >
              <img
                alt="https://picsum.photos/id/605/1600/900.jpg"
                class="thumbnailImage"
                src="https://picsum.photos/id/605/1600/900.jpg"
              />
            </button>
          </div>
          <div>
            <button
              class="selImage"
            >
              <img
                alt="https://picsum.photos/id/606/1600/900.jpg"
                class="thumbnailImage"
                src="https://picsum.photos/id/606/1600/900.jpg"
              />
            </button>
          </div>
          <div>
            <button
              class="selImage"
            >
              <img
                alt="https://picsum.photos/id/607/1600/900.jpg"
                class="thumbnailImage"
                src="https://picsum.photos/id/607/1600/900.jpg"
              />
            </button>
          </div>
          <div>
            <button
              class="selImage"
            >
              <img
                alt="https://picsum.photos/id/608/1600/900.jpg"
                class="thumbnailImage"
                src="https://picsum.photos/id/608/1600/900.jpg"
              />
            </button>
          </div>
          <div>
            <button
              class="selImage"
            >
              <img
                alt="https://picsum.photos/id/609/1600/900.jpg"
                class="thumbnailImage"
                src="https://picsum.photos/id/609/1600/900.jpg"
              />
            </button>
          </div>
          <div>
            <button
              class="selImage"
            >
              <img
                alt="https://picsum.photos/id/610/1600/900.jpg"
                class="thumbnailImage"
                src="https://picsum.photos/id/610/1600/900.jpg"
              />
            </button>
          </div>
          <div>
            <button
              class="selImage"
            >
              <img
                alt="https://picsum.photos/id/611/1600/900.jpg"
                class="thumbnailImage"
                src="https://picsum.photos/id/611/1600/900.jpg"
              />
            </button>
          </div>
          <div>
            <button
              class="selImage"
            >
              <img
                alt="https://picsum.photos/id/612/1600/900.jpg"
                class="thumbnailImage"
                src="https://picsum.photos/id/612/1600/900.jpg"
              />
            </button>
          </div>
          <div>
            <button
              class="selImage"
            >
              <img
                alt="https://picsum.photos/id/613/1600/900.jpg"
                class="thumbnailImage"
                src="https://picsum.photos/id/613/1600/900.jpg"
              />
            </button>
          </div>
          <div>
            <button
              class="selImage"
            >
              <img
                alt="https://picsum.photos/id/614/1600/900.jpg"
                class="thumbnailImage"
                src="https://picsum.photos/id/614/1600/900.jpg"
              />
            </button>
          </div>
          <div>
            <button
              class="selImage"
            >
              <img
                alt="https://picsum.photos/id/615/1600/900.jpg"
                class="thumbnailImage"
                src="https://picsum.photos/id/615/1600/900.jpg"
              />
            </button>
          </div>
          <div>
            <button
              class="selImage"
            >
              <img
                alt="https://picsum.photos/id/616/1600/900.jpg"
                class="thumbnailImage"
                src="https://picsum.photos/id/616/1600/900.jpg"
              />
            </button>
          </div>
          <div>
            <button
              class="selImage"
            >
              <img
                alt="https://picsum.photos/id/617/1600/900.jpg"
                class="thumbnailImage"
                src="https://picsum.photos/id/617/1600/900.jpg"
              />
            </button>
          </div>
          <div>
            <button
              class="selImage"
            >
              <img
                alt="https://picsum.photos/id/618/1600/900.jpg"
                class="thumbnailImage"
                src="https://picsum.photos/id/618/1600/900.jpg"
              />
            </button>
          </div>
          <div>
            <button
              class="selImage"
            >
              <img
                alt="https://picsum.photos/id/619/1600/900.jpg"
                class="thumbnailImage"
                src="https://picsum.photos/id/619/1600/900.jpg"
              />
            </button>
          </div>
          <div>
            <button
              class="selImage"
            >
              <img
                alt="https://picsum.photos/id/620/1600/900.jpg"
                class="thumbnailImage"
                src="https://picsum.photos/id/620/1600/900.jpg"
              />
            </button>
          </div>
          <div>
            <button
              class="selImage"
            >
              <img
                alt="https://picsum.photos/id/621/1600/900.jpg"
                class="thumbnailImage"
                src="https://picsum.photos/id/621/1600/900.jpg"
              />
            </button>
          </div>
          <div>
            <button
              class="selImage"
            >
              <img
                alt="https://picsum.photos/id/622/1600/900.jpg"
                class="thumbnailImage"
                src="https://picsum.photos/id/622/1600/900.jpg"
              />
            </button>
          </div>
          <div>
            <button
              class="selImage"
            >
              <img
                alt="https://picsum.photos/id/623/1600/900.jpg"
                class="thumbnailImage"
                src="https://picsum.photos/id/623/1600/900.jpg"
              />
            </button>
          </div>
          <div>
            <button
              class="selImage"
            >
              <img
                alt="https://picsum.photos/id/625/1600/900.jpg"
                class="thumbnailImage"
                src="https://picsum.photos/id/625/1600/900.jpg"
              />
            </button>
          </div>
          <div>
            <button
              class="selImage"
            >
              <img
                alt="https://picsum.photos/id/626/1600/900.jpg"
                class="thumbnailImage"
                src="https://picsum.photos/id/626/1600/900.jpg"
              />
            </button>
          </div>
          <div>
            <button
              class="selImage"
            >
              <img
                alt="https://picsum.photos/id/627/1600/900.jpg"
                class="thumbnailImage"
                src="https://picsum.photos/id/627/1600/900.jpg"
              />
            </button>
          </div>
          <div>
            <button
              class="selImage"
            >
              <img
                alt="https://picsum.photos/id/628/1600/900.jpg"
                class="thumbnailImage"
                src="https://picsum.photos/id/628/1600/900.jpg"
              />
            </button>
          </div>
          <div>
            <button
              class="selImage"
            >
              <img
                alt="https://picsum.photos/id/629/1600/900.jpg"
                class="thumbnailImage"
                src="https://picsum.photos/id/629/1600/900.jpg"
              />
            </button>
          </div>
          <div>
            <button
              class="selImage"
            >
              <img
                alt="https://picsum.photos/id/630/1600/900.jpg"
                class="thumbnailImage"
                src="https://picsum.photos/id/630/1600/900.jpg"
              />
            </button>
          </div>
          <div>
            <button
              class="selImage"
            >
              <img
                alt="https://picsum.photos/id/631/1600/900.jpg"
                class="thumbnailImage"
                src="https://picsum.photos/id/631/1600/900.jpg"
              />
            </button>
          </div>
          <div>
            <button
              class="selImage"
            >
              <img
                alt="https://picsum.photos/id/633/1600/900.jpg"
                class="thumbnailImage"
                src="https://picsum.photos/id/633/1600/900.jpg"
              />
            </button>
          </div>
          <div>
            <button
              class="selImage"
            >
              <img
                alt="https://picsum.photos/id/634/1600/900.jpg"
                class="thumbnailImage"
                src="https://picsum.photos/id/634/1600/900.jpg"
              />
            </button>
          </div>
          <div>
            <button
              class="selImage"
            >
              <img
                alt="https://picsum.photos/id/635/1600/900.jpg"
                class="thumbnailImage"
                src="https://picsum.photos/id/635/1600/900.jpg"
              />
            </button>
          </div>
          <div>
            <button
              class="selImage"
            >
              <img
                alt="https://picsum.photos/id/637/1600/900.jpg"
                class="thumbnailImage"
                src="https://picsum.photos/id/637/1600/900.jpg"
              />
            </button>
          </div>
          <div>
            <button
              class="selImage"
            >
              <img
                alt="https://picsum.photos/id/638/1600/900.jpg"
                class="thumbnailImage"
                src="https://picsum.photos/id/638/1600/900.jpg"
              />
            </button>
          </div>
          <div>
            <button
              class="selImage"
            >
              <img
                alt="https://picsum.photos/id/639/1600/900.jpg"
                class="thumbnailImage"
                src="https://picsum.photos/id/639/1600/900.jpg"
              />
            </button>
          </div>
          <div>
            <button
              class="selImage"
            >
              <img
                alt="https://picsum.photos/id/640/1600/900.jpg"
                class="thumbnailImage"
                src="https://picsum.photos/id/640/1600/900.jpg"
              />
            </button>
          </div>
          <div>
            <button
              class="selImage"
            >
              <img
                alt="https://picsum.photos/id/641/1600/900.jpg"
                class="thumbnailImage"
                src="https://picsum.photos/id/641/1600/900.jpg"
              />
            </button>
          </div>
          <div>
            <button
              class="selImage"
            >
              <img
                alt="https://picsum.photos/id/642/1600/900.jpg"
                class="thumbnailImage"
                src="https://picsum.photos/id/642/1600/900.jpg"
              />
            </button>
          </div>
          <div>
            <button
              class="selImage"
            >
              <img
                alt="https://picsum.photos/id/643/1600/900.jpg"
                class="thumbnailImage"
                src="https://picsum.photos/id/643/1600/900.jpg"
              />
            </button>
          </div>
          <div>
            <button
              class="selImage"
            >
              <img
                alt="https://picsum.photos/id/645/1600/900.jpg"
                class="thumbnailImage"
                src="https://picsum.photos/id/645/1600/900.jpg"
              />
            </button>
          </div>
          <div>
            <button
              class="selImage"
            >
              <img
                alt="https://picsum.photos/id/646/1600/900.jpg"
                class="thumbnailImage"
                src="https://picsum.photos/id/646/1600/900.jpg"
              />
            </button>
          </div>
          <div>
            <button
              class="selImage"
            >
              <img
                alt="https://picsum.photos/id/648/1600/900.jpg"
                class="thumbnailImage"
                src="https://picsum.photos/id/648/1600/900.jpg"
              />
            </button>
          </div>
          <div>
            <button
              class="selImage"
            >
              <img
                alt="https://picsum.photos/id/649/1600/900.jpg"
                class="thumbnailImage"
                src="https://picsum.photos/id/649/1600/900.jpg"
              />
            </button>
          </div>
        </div>
      </div>
    </div>
  </body>,
  "container": <div>
    <div>
      <div
        class="mainphoto"
      >
        <p
          class="TextInstruction"
        >
           React Photo Viewer
        </p>
        <img
          class="selectedImage"
          src="https://picsum.photos/id/600/1600/900.jpg"
        />
      </div>
      <p
        class="TextInstruction"
      >
         Select your photo
      </p>
      <div
        class="imageSelector"
      >
        <div>
          <button
            class="selImage"
          >
            <img
              alt="https://picsum.photos/id/600/1600/900.jpg"
              class="thumbnailImage"
              src="https://picsum.photos/id/600/1600/900.jpg"
            />
          </button>
        </div>
        <div>
          <button
            class="selImage"
          >
            <img
              alt="https://picsum.photos/id/602/1600/900.jpg"
              class="thumbnailImage"
              src="https://picsum.photos/id/602/1600/900.jpg"
            />
          </button>
        </div>
        <div>
          <button
            class="selImage"
          >
            <img
              alt="https://picsum.photos/id/603/1600/900.jpg"
              class="thumbnailImage"
              src="https://picsum.photos/id/603/1600/900.jpg"
            />
          </button>
        </div>
        <div>
          <button
            class="selImage"
          >
            <img
              alt="https://picsum.photos/id/604/1600/900.jpg"
              class="thumbnailImage"
              src="https://picsum.photos/id/604/1600/900.jpg"
            />
          </button>
        </div>
        <div>
          <button
            class="selImage"
          >
            <img
              alt="https://picsum.photos/id/605/1600/900.jpg"
              class="thumbnailImage"
              src="https://picsum.photos/id/605/1600/900.jpg"
            />
          </button>
        </div>
        <div>
          <button
            class="selImage"
          >
            <img
              alt="https://picsum.photos/id/606/1600/900.jpg"
              class="thumbnailImage"
              src="https://picsum.photos/id/606/1600/900.jpg"
            />
          </button>
        </div>
        <div>
          <button
            class="selImage"
          >
            <img
              alt="https://picsum.photos/id/607/1600/900.jpg"
              class="thumbnailImage"
              src="https://picsum.photos/id/607/1600/900.jpg"
            />
          </button>
        </div>
        <div>
          <button
            class="selImage"
          >
            <img
              alt="https://picsum.photos/id/608/1600/900.jpg"
              class="thumbnailImage"
              src="https://picsum.photos/id/608/1600/900.jpg"
            />
          </button>
        </div>
        <div>
          <button
            class="selImage"
          >
            <img
              alt="https://picsum.photos/id/609/1600/900.jpg"
              class="thumbnailImage"
              src="https://picsum.photos/id/609/1600/900.jpg"
            />
          </button>
        </div>
        <div>
          <button
            class="selImage"
          >
            <img
              alt="https://picsum.photos/id/610/1600/900.jpg"
              class="thumbnailImage"
              src="https://picsum.photos/id/610/1600/900.jpg"
            />
          </button>
        </div>
        <div>
          <button
            class="selImage"
          >
            <img
              alt="https://picsum.photos/id/611/1600/900.jpg"
              class="thumbnailImage"
              src="https://picsum.photos/id/611/1600/900.jpg"
            />
          </button>
        </div>
        <div>
          <button
            class="selImage"
          >
            <img
              alt="https://picsum.photos/id/612/1600/900.jpg"
              class="thumbnailImage"
              src="https://picsum.photos/id/612/1600/900.jpg"
            />
          </button>
        </div>
        <div>
          <button
            class="selImage"
          >
            <img
              alt="https://picsum.photos/id/613/1600/900.jpg"
              class="thumbnailImage"
              src="https://picsum.photos/id/613/1600/900.jpg"
            />
          </button>
        </div>
        <div>
          <button
            class="selImage"
          >
            <img
              alt="https://picsum.photos/id/614/1600/900.jpg"
              class="thumbnailImage"
              src="https://picsum.photos/id/614/1600/900.jpg"
            />
          </button>
        </div>
        <div>
          <button
            class="selImage"
          >
            <img
              alt="https://picsum.photos/id/615/1600/900.jpg"
              class="thumbnailImage"
              src="https://picsum.photos/id/615/1600/900.jpg"
            />
          </button>
        </div>
        <div>
          <button
            class="selImage"
          >
            <img
              alt="https://picsum.photos/id/616/1600/900.jpg"
              class="thumbnailImage"
              src="https://picsum.photos/id/616/1600/900.jpg"
            />
          </button>
        </div>
        <div>
          <button
            class="selImage"
          >
            <img
              alt="https://picsum.photos/id/617/1600/900.jpg"
              class="thumbnailImage"
              src="https://picsum.photos/id/617/1600/900.jpg"
            />
          </button>
        </div>
        <div>
          <button
            class="selImage"
          >
            <img
              alt="https://picsum.photos/id/618/1600/900.jpg"
              class="thumbnailImage"
              src="https://picsum.photos/id/618/1600/900.jpg"
            />
          </button>
        </div>
        <div>
          <button
            class="selImage"
          >
            <img
              alt="https://picsum.photos/id/619/1600/900.jpg"
              class="thumbnailImage"
              src="https://picsum.photos/id/619/1600/900.jpg"
            />
          </button>
        </div>
        <div>
          <button
            class="selImage"
          >
            <img
              alt="https://picsum.photos/id/620/1600/900.jpg"
              class="thumbnailImage"
              src="https://picsum.photos/id/620/1600/900.jpg"
            />
          </button>
        </div>
        <div>
          <button
            class="selImage"
          >
            <img
              alt="https://picsum.photos/id/621/1600/900.jpg"
              class="thumbnailImage"
              src="https://picsum.photos/id/621/1600/900.jpg"
            />
          </button>
        </div>
        <div>
          <button
            class="selImage"
          >
            <img
              alt="https://picsum.photos/id/622/1600/900.jpg"
              class="thumbnailImage"
              src="https://picsum.photos/id/622/1600/900.jpg"
            />
          </button>
        </div>
        <div>
          <button
            class="selImage"
          >
            <img
              alt="https://picsum.photos/id/623/1600/900.jpg"
              class="thumbnailImage"
              src="https://picsum.photos/id/623/1600/900.jpg"
            />
          </button>
        </div>
        <div>
          <button
            class="selImage"
          >
            <img
              alt="https://picsum.photos/id/625/1600/900.jpg"
              class="thumbnailImage"
              src="https://picsum.photos/id/625/1600/900.jpg"
            />
          </button>
        </div>
        <div>
          <button
            class="selImage"
          >
            <img
              alt="https://picsum.photos/id/626/1600/900.jpg"
              class="thumbnailImage"
              src="https://picsum.photos/id/626/1600/900.jpg"
            />
          </button>
        </div>
        <div>
          <button
            class="selImage"
          >
            <img
              alt="https://picsum.photos/id/627/1600/900.jpg"
              class="thumbnailImage"
              src="https://picsum.photos/id/627/1600/900.jpg"
            />
          </button>
        </div>
        <div>
          <button
            class="selImage"
          >
            <img
              alt="https://picsum.photos/id/628/1600/900.jpg"
              class="thumbnailImage"
              src="https://picsum.photos/id/628/1600/900.jpg"
            />
          </button>
        </div>
        <div>
          <button
            class="selImage"
          >
            <img
              alt="https://picsum.photos/id/629/1600/900.jpg"
              class="thumbnailImage"
              src="https://picsum.photos/id/629/1600/900.jpg"
            />
          </button>
        </div>
        <div>
          <button
            class="selImage"
          >
            <img
              alt="https://picsum.photos/id/630/1600/900.jpg"
              class="thumbnailImage"
              src="https://picsum.photos/id/630/1600/900.jpg"
            />
          </button>
        </div>
        <div>
          <button
            class="selImage"
          >
            <img
              alt="https://picsum.photos/id/631/1600/900.jpg"
              class="thumbnailImage"
              src="https://picsum.photos/id/631/1600/900.jpg"
            />
          </button>
        </div>
        <div>
          <button
            class="selImage"
          >
            <img
              alt="https://picsum.photos/id/633/1600/900.jpg"
              class="thumbnailImage"
              src="https://picsum.photos/id/633/1600/900.jpg"
            />
          </button>
        </div>
        <div>
          <button
            class="selImage"
          >
            <img
              alt="https://picsum.photos/id/634/1600/900.jpg"
              class="thumbnailImage"
              src="https://picsum.photos/id/634/1600/900.jpg"
            />
          </button>
        </div>
        <div>
          <button
            class="selImage"
          >
            <img
              alt="https://picsum.photos/id/635/1600/900.jpg"
              class="thumbnailImage"
              src="https://picsum.photos/id/635/1600/900.jpg"
            />
          </button>
        </div>
        <div>
          <button
            class="selImage"
          >
            <img
              alt="https://picsum.photos/id/637/1600/900.jpg"
              class="thumbnailImage"
              src="https://picsum.photos/id/637/1600/900.jpg"
            />
          </button>
        </div>
        <div>
          <button
            class="selImage"
          >
            <img
              alt="https://picsum.photos/id/638/1600/900.jpg"
              class="thumbnailImage"
              src="https://picsum.photos/id/638/1600/900.jpg"
            />
          </button>
        </div>
        <div>
          <button
            class="selImage"
          >
            <img
              alt="https://picsum.photos/id/639/1600/900.jpg"
              class="thumbnailImage"
              src="https://picsum.photos/id/639/1600/900.jpg"
            />
          </button>
        </div>
        <div>
          <button
            class="selImage"
          >
            <img
              alt="https://picsum.photos/id/640/1600/900.jpg"
              class="thumbnailImage"
              src="https://picsum.photos/id/640/1600/900.jpg"
            />
          </button>
        </div>
        <div>
          <button
            class="selImage"
          >
            <img
              alt="https://picsum.photos/id/641/1600/900.jpg"
              class="thumbnailImage"
              src="https://picsum.photos/id/641/1600/900.jpg"
            />
          </button>
        </div>
        <div>
          <button
            class="selImage"
          >
            <img
              alt="https://picsum.photos/id/642/1600/900.jpg"
              class="thumbnailImage"
              src="https://picsum.photos/id/642/1600/900.jpg"
            />
          </button>
        </div>
        <div>
          <button
            class="selImage"
          >
            <img
              alt="https://picsum.photos/id/643/1600/900.jpg"
              class="thumbnailImage"
              src="https://picsum.photos/id/643/1600/900.jpg"
            />
          </button>
        </div>
        <div>
          <button
            class="selImage"
          >
            <img
              alt="https://picsum.photos/id/645/1600/900.jpg"
              class="thumbnailImage"
              src="https://picsum.photos/id/645/1600/900.jpg"
            />
          </button>
        </div>
        <div>
          <button
            class="selImage"
          >
            <img
              alt="https://picsum.photos/id/646/1600/900.jpg"
              class="thumbnailImage"
              src="https://picsum.photos/id/646/1600/900.jpg"
            />
          </button>
        </div>
        <div>
          <button
            class="selImage"
          >
            <img
              alt="https://picsum.photos/id/648/1600/900.jpg"
              class="thumbnailImage"
              src="https://picsum.photos/id/648/1600/900.jpg"
            />
          </button>
        </div>
        <div>
          <button
            class="selImage"
          >
            <img
              alt="https://picsum.photos/id/649/1600/900.jpg"
              class="thumbnailImage"
              src="https://picsum.photos/id/649/1600/900.jpg"
            />
          </button>
        </div>
      </div>
    </div>
  </div>,
  "debug": [Function],
  "findAllByAltText": [Function],
  "findAllByDisplayValue": [Function],
  "findAllByLabelText": [Function],
  "findAllByPlaceholderText": [Function],
  "findAllByRole": [Function],
  "findAllByTestId": [Function],
  "findAllByText": [Function],
  "findAllByTitle": [Function],
  "findByAltText": [Function],
  "findByDisplayValue": [Function],
  "findByLabelText": [Function],
  "findByPlaceholderText": [Function],
  "findByRole": [Function],
  "findByTestId": [Function],
  "findByText": [Function],
  "findByTitle": [Function],
  "getAllByAltText": [Function],
  "getAllByDisplayValue": [Function],
  "getAllByLabelText": [Function],
  "getAllByPlaceholderText": [Function],
  "getAllByRole": [Function],
  "getAllByTestId": [Function],
  "getAllByText": [Function],
  "getAllByTitle": [Function],
  "getByAltText": [Function],
  "getByDisplayValue": [Function],
  "getByLabelText": [Function],
  "getByPlaceholderText": [Function],
  "getByRole": [Function],
  "getByTestId": [Function],
  "getByText": [Function],
  "getByTitle": [Function],
  "queryAllByAltText": [Function],
  "queryAllByDisplayValue": [Function],
  "queryAllByLabelText": [Function],
  "queryAllByPlaceholderText": [Function],
  "queryAllByRole": [Function],
  "queryAllByTestId": [Function],
  "queryAllByText": [Function],
  "queryAllByTitle": [Function],
  "queryByAltText": [Function],
  "queryByDisplayValue": [Function],
  "queryByLabelText": [Function],
  "queryByPlaceholderText": [Function],
  "queryByRole": [Function],
  "queryByTestId": [Function],
  "queryByText": [Function],
  "queryByTitle": [Function],
  "rerender": [Function],
  "unmount": [Function],
}
`;

exports[`App Component Should match snapshot without name prop 1`] = `
{
  "asFragment": [Function],
  "baseElement": <body>
    <div>
      <div>
        <div
          class="mainphoto"
        >
          <p
            class="TextInstruction"
          >
             React Photo Viewer
          </p>
          <img
            class="selectedImage"
            src="https://picsum.photos/id/600/1600/900.jpg"
          />
        </div>
        <p
          class="TextInstruction"
        >
           Select your photo
        </p>
        <div
          class="imageSelector"
        >
          <div>
            <button
              class="selImage"
            >
              <img
                alt="https://picsum.photos/id/600/1600/900.jpg"
                class="thumbnailImage"
                src="https://picsum.photos/id/600/1600/900.jpg"
              />
            </button>
          </div>
          <div>
            <button
              class="selImage"
            >
              <img
                alt="https://picsum.photos/id/602/1600/900.jpg"
                class="thumbnailImage"
                src="https://picsum.photos/id/602/1600/900.jpg"
              />
            </button>
          </div>
          <div>
            <button
              class="selImage"
            >
              <img
                alt="https://picsum.photos/id/603/1600/900.jpg"
                class="thumbnailImage"
                src="https://picsum.photos/id/603/1600/900.jpg"
              />
            </button>
          </div>
          <div>
            <button
              class="selImage"
            >
              <img
                alt="https://picsum.photos/id/604/1600/900.jpg"
                class="thumbnailImage"
                src="https://picsum.photos/id/604/1600/900.jpg"
              />
            </button>
          </div>
          <div>
            <button
              class="selImage"
            >
              <img
                alt="https://picsum.photos/id/605/1600/900.jpg"
                class="thumbnailImage"
                src="https://picsum.photos/id/605/1600/900.jpg"
              />
            </button>
          </div>
          <div>
            <button
              class="selImage"
            >
              <img
                alt="https://picsum.photos/id/606/1600/900.jpg"
                class="thumbnailImage"
                src="https://picsum.photos/id/606/1600/900.jpg"
              />
            </button>
          </div>
          <div>
            <button
              class="selImage"
            >
              <img
                alt="https://picsum.photos/id/607/1600/900.jpg"
                class="thumbnailImage"
                src="https://picsum.photos/id/607/1600/900.jpg"
              />
            </button>
          </div>
          <div>
            <button
              class="selImage"
            >
              <img
                alt="https://picsum.photos/id/608/1600/900.jpg"
                class="thumbnailImage"
                src="https://picsum.photos/id/608/1600/900.jpg"
              />
            </button>
          </div>
          <div>
            <button
              class="selImage"
            >
              <img
                alt="https://picsum.photos/id/609/1600/900.jpg"
                class="thumbnailImage"
                src="https://picsum.photos/id/609/1600/900.jpg"
              />
            </button>
          </div>
          <div>
            <button
              class="selImage"
            >
              <img
                alt="https://picsum.photos/id/610/1600/900.jpg"
                class="thumbnailImage"
                src="https://picsum.photos/id/610/1600/900.jpg"
              />
            </button>
          </div>
          <div>
            <button
              class="selImage"
            >
              <img
                alt="https://picsum.photos/id/611/1600/900.jpg"
                class="thumbnailImage"
                src="https://picsum.photos/id/611/1600/900.jpg"
              />
            </button>
          </div>
          <div>
            <button
              class="selImage"
            >
              <img
                alt="https://picsum.photos/id/612/1600/900.jpg"
                class="thumbnailImage"
                src="https://picsum.photos/id/612/1600/900.jpg"
              />
            </button>
          </div>
          <div>
            <button
              class="selImage"
            >
              <img
                alt="https://picsum.photos/id/613/1600/900.jpg"
                class="thumbnailImage"
                src="https://picsum.photos/id/613/1600/900.jpg"
              />
            </button>
          </div>
          <div>
            <button
              class="selImage"
            >
              <img
                alt="https://picsum.photos/id/614/1600/900.jpg"
                class="thumbnailImage"
                src="https://picsum.photos/id/614/1600/900.jpg"
              />
            </button>
          </div>
          <div>
            <button
              class="selImage"
            >
              <img
                alt="https://picsum.photos/id/615/1600/900.jpg"
                class="thumbnailImage"
                src="https://picsum.photos/id/615/1600/900.jpg"
              />
            </button>
          </div>
          <div>
            <button
              class="selImage"
            >
              <img
                alt="https://picsum.photos/id/616/1600/900.jpg"
                class="thumbnailImage"
                src="https://picsum.photos/id/616/1600/900.jpg"
              />
            </button>
          </div>
          <div>
            <button
              class="selImage"
            >
              <img
                alt="https://picsum.photos/id/617/1600/900.jpg"
                class="thumbnailImage"
                src="https://picsum.photos/id/617/1600/900.jpg"
              />
            </button>
          </div>
          <div>
            <button
              class="selImage"
            >
              <img
                alt="https://picsum.photos/id/618/1600/900.jpg"
                class="thumbnailImage"
                src="https://picsum.photos/id/618/1600/900.jpg"
              />
            </button>
          </div>
          <div>
            <button
              class="selImage"
            >
              <img
                alt="https://picsum.photos/id/619/1600/900.jpg"
                class="thumbnailImage"
                src="https://picsum.photos/id/619/1600/900.jpg"
              />
            </button>
          </div>
          <div>
            <button
              class="selImage"
            >
              <img
                alt="https://picsum.photos/id/620/1600/900.jpg"
                class="thumbnailImage"
                src="https://picsum.photos/id/620/1600/900.jpg"
              />
            </button>
          </div>
          <div>
            <button
              class="selImage"
            >
              <img
                alt="https://picsum.photos/id/621/1600/900.jpg"
                class="thumbnailImage"
                src="https://picsum.photos/id/621/1600/900.jpg"
              />
            </button>
          </div>
          <div>
            <button
              class="selImage"
            >
              <img
                alt="https://picsum.photos/id/622/1600/900.jpg"
                class="thumbnailImage"
                src="https://picsum.photos/id/622/1600/900.jpg"
              />
            </button>
          </div>
          <div>
            <button
              class="selImage"
            >
              <img
                alt="https://picsum.photos/id/623/1600/900.jpg"
                class="thumbnailImage"
                src="https://picsum.photos/id/623/1600/900.jpg"
              />
            </button>
          </div>
          <div>
            <button
              class="selImage"
            >
              <img
                alt="https://picsum.photos/id/625/1600/900.jpg"
                class="thumbnailImage"
                src="https://picsum.photos/id/625/1600/900.jpg"
              />
            </button>
          </div>
          <div>
            <button
              class="selImage"
            >
              <img
                alt="https://picsum.photos/id/626/1600/900.jpg"
                class="thumbnailImage"
                src="https://picsum.photos/id/626/1600/900.jpg"
              />
            </button>
          </div>
          <div>
            <button
              class="selImage"
            >
              <img
                alt="https://picsum.photos/id/627/1600/900.jpg"
                class="thumbnailImage"
                src="https://picsum.photos/id/627/1600/900.jpg"
              />
            </button>
          </div>
          <div>
            <button
              class="selImage"
            >
              <img
                alt="https://picsum.photos/id/628/1600/900.jpg"
                class="thumbnailImage"
                src="https://picsum.photos/id/628/1600/900.jpg"
              />
            </button>
          </div>
          <div>
            <button
              class="selImage"
            >
              <img
                alt="https://picsum.photos/id/629/1600/900.jpg"
                class="thumbnailImage"
                src="https://picsum.photos/id/629/1600/900.jpg"
              />
            </button>
          </div>
          <div>
            <button
              class="selImage"
            >
              <img
                alt="https://picsum.photos/id/630/1600/900.jpg"
                class="thumbnailImage"
                src="https://picsum.photos/id/630/1600/900.jpg"
              />
            </button>
          </div>
          <div>
            <button
              class="selImage"
            >
              <img
                alt="https://picsum.photos/id/631/1600/900.jpg"
                class="thumbnailImage"
                src="https://picsum.photos/id/631/1600/900.jpg"
              />
            </button>
          </div>
          <div>
            <button
              class="selImage"
            >
              <img
                alt="https://picsum.photos/id/633/1600/900.jpg"
                class="thumbnailImage"
                src="https://picsum.photos/id/633/1600/900.jpg"
              />
            </button>
          </div>
          <div>
            <button
              class="selImage"
            >
              <img
                alt="https://picsum.photos/id/634/1600/900.jpg"
                class="thumbnailImage"
                src="https://picsum.photos/id/634/1600/900.jpg"
              />
            </button>
          </div>
          <div>
            <button
              class="selImage"
            >
              <img
                alt="https://picsum.photos/id/635/1600/900.jpg"
                class="thumbnailImage"
                src="https://picsum.photos/id/635/1600/900.jpg"
              />
            </button>
          </div>
          <div>
            <button
              class="selImage"
            >
              <img
                alt="https://picsum.photos/id/637/1600/900.jpg"
                class="thumbnailImage"
                src="https://picsum.photos/id/637/1600/900.jpg"
              />
            </button>
          </div>
          <div>
            <button
              class="selImage"
            >
              <img
                alt="https://picsum.photos/id/638/1600/900.jpg"
                class="thumbnailImage"
                src="https://picsum.photos/id/638/1600/900.jpg"
              />
            </button>
          </div>
          <div>
            <button
              class="selImage"
            >
              <img
                alt="https://picsum.photos/id/639/1600/900.jpg"
                class="thumbnailImage"
                src="https://picsum.photos/id/639/1600/900.jpg"
              />
            </button>
          </div>
          <div>
            <button
              class="selImage"
            >
              <img
                alt="https://picsum.photos/id/640/1600/900.jpg"
                class="thumbnailImage"
                src="https://picsum.photos/id/640/1600/900.jpg"
              />
            </button>
          </div>
          <div>
            <button
              class="selImage"
            >
              <img
                alt="https://picsum.photos/id/641/1600/900.jpg"
                class="thumbnailImage"
                src="https://picsum.photos/id/641/1600/900.jpg"
              />
            </button>
          </div>
          <div>
            <button
              class="selImage"
            >
              <img
                alt="https://picsum.photos/id/642/1600/900.jpg"
                class="thumbnailImage"
                src="https://picsum.photos/id/642/1600/900.jpg"
              />
            </button>
          </div>
          <div>
            <button
              class="selImage"
            >
              <img
                alt="https://picsum.photos/id/643/1600/900.jpg"
                class="thumbnailImage"
                src="https://picsum.photos/id/643/1600/900.jpg"
              />
            </button>
          </div>
          <div>
            <button
              class="selImage"
            >
              <img
                alt="https://picsum.photos/id/645/1600/900.jpg"
                class="thumbnailImage"
                src="https://picsum.photos/id/645/1600/900.jpg"
              />
            </button>
          </div>
          <div>
            <button
              class="selImage"
            >
              <img
                alt="https://picsum.photos/id/646/1600/900.jpg"
                class="thumbnailImage"
                src="https://picsum.photos/id/646/1600/900.jpg"
              />
            </button>
          </div>
          <div>
            <button
              class="selImage"
            >
              <img
                alt="https://picsum.photos/id/648/1600/900.jpg"
                class="thumbnailImage"
                src="https://picsum.photos/id/648/1600/900.jpg"
              />
            </button>
          </div>
          <div>
            <button
              class="selImage"
            >
              <img
                alt="https://picsum.photos/id/649/1600/900.jpg"
                class="thumbnailImage"
                src="https://picsum.photos/id/649/1600/900.jpg"
              />
            </button>
          </div>
        </div>
      </div>
    </div>
    <div>
      <div>
        <div
          class="mainphoto"
        >
          <p
            class="TextInstruction"
          >
             React Photo Viewer
          </p>
          <img
            class="selectedImage"
            src="https://picsum.photos/id/600/1600/900.jpg"
          />
        </div>
        <p
          class="TextInstruction"
        >
           Select your photo
        </p>
        <div
          class="imageSelector"
        >
          <div>
            <button
              class="selImage"
            >
              <img
                alt="https://picsum.photos/id/600/1600/900.jpg"
                class="thumbnailImage"
                src="https://picsum.photos/id/600/1600/900.jpg"
              />
            </button>
          </div>
          <div>
            <button
              class="selImage"
            >
              <img
                alt="https://picsum.photos/id/602/1600/900.jpg"
                class="thumbnailImage"
                src="https://picsum.photos/id/602/1600/900.jpg"
              />
            </button>
          </div>
          <div>
            <button
              class="selImage"
            >
              <img
                alt="https://picsum.photos/id/603/1600/900.jpg"
                class="thumbnailImage"
                src="https://picsum.photos/id/603/1600/900.jpg"
              />
            </button>
          </div>
          <div>
            <button
              class="selImage"
            >
              <img
                alt="https://picsum.photos/id/604/1600/900.jpg"
                class="thumbnailImage"
                src="https://picsum.photos/id/604/1600/900.jpg"
              />
            </button>
          </div>
          <div>
            <button
              class="selImage"
            >
              <img
                alt="https://picsum.photos/id/605/1600/900.jpg"
                class="thumbnailImage"
                src="https://picsum.photos/id/605/1600/900.jpg"
              />
            </button>
          </div>
          <div>
            <button
              class="selImage"
            >
              <img
                alt="https://picsum.photos/id/606/1600/900.jpg"
                class="thumbnailImage"
                src="https://picsum.photos/id/606/1600/900.jpg"
              />
            </button>
          </div>
          <div>
            <button
              class="selImage"
            >
              <img
                alt="https://picsum.photos/id/607/1600/900.jpg"
                class="thumbnailImage"
                src="https://picsum.photos/id/607/1600/900.jpg"
              />
            </button>
          </div>
          <div>
            <button
              class="selImage"
            >
              <img
                alt="https://picsum.photos/id/608/1600/900.jpg"
                class="thumbnailImage"
                src="https://picsum.photos/id/608/1600/900.jpg"
              />
            </button>
          </div>
          <div>
            <button
              class="selImage"
            >
              <img
                alt="https://picsum.photos/id/609/1600/900.jpg"
                class="thumbnailImage"
                src="https://picsum.photos/id/609/1600/900.jpg"
              />
            </button>
          </div>
          <div>
            <button
              class="selImage"
            >
              <img
                alt="https://picsum.photos/id/610/1600/900.jpg"
                class="thumbnailImage"
                src="https://picsum.photos/id/610/1600/900.jpg"
              />
            </button>
          </div>
          <div>
            <button
              class="selImage"
            >
              <img
                alt="https://picsum.photos/id/611/1600/900.jpg"
                class="thumbnailImage"
                src="https://picsum.photos/id/611/1600/900.jpg"
              />
            </button>
          </div>
          <div>
            <button
              class="selImage"
            >
              <img
                alt="https://picsum.photos/id/612/1600/900.jpg"
                class="thumbnailImage"
                src="https://picsum.photos/id/612/1600/900.jpg"
              />
            </button>
          </div>
          <div>
            <button
              class="selImage"
            >
              <img
                alt="https://picsum.photos/id/613/1600/900.jpg"
                class="thumbnailImage"
                src="https://picsum.photos/id/613/1600/900.jpg"
              />
            </button>
          </div>
          <div>
            <button
              class="selImage"
            >
              <img
                alt="https://picsum.photos/id/614/1600/900.jpg"
                class="thumbnailImage"
                src="https://picsum.photos/id/614/1600/900.jpg"
              />
            </button>
          </div>
          <div>
            <button
              class="selImage"
            >
              <img
                alt="https://picsum.photos/id/615/1600/900.jpg"
                class="thumbnailImage"
                src="https://picsum.photos/id/615/1600/900.jpg"
              />
            </button>
          </div>
          <div>
            <button
              class="selImage"
            >
              <img
                alt="https://picsum.photos/id/616/1600/900.jpg"
                class="thumbnailImage"
                src="https://picsum.photos/id/616/1600/900.jpg"
              />
            </button>
          </div>
          <div>
            <button
              class="selImage"
            >
              <img
                alt="https://picsum.photos/id/617/1600/900.jpg"
                class="thumbnailImage"
                src="https://picsum.photos/id/617/1600/900.jpg"
              />
            </button>
          </div>
          <div>
            <button
              class="selImage"
            >
              <img
                alt="https://picsum.photos/id/618/1600/900.jpg"
                class="thumbnailImage"
                src="https://picsum.photos/id/618/1600/900.jpg"
              />
            </button>
          </div>
          <div>
            <button
              class="selImage"
            >
              <img
                alt="https://picsum.photos/id/619/1600/900.jpg"
                class="thumbnailImage"
                src="https://picsum.photos/id/619/1600/900.jpg"
              />
            </button>
          </div>
          <div>
            <button
              class="selImage"
            >
              <img
                alt="https://picsum.photos/id/620/1600/900.jpg"
                class="thumbnailImage"
                src="https://picsum.photos/id/620/1600/900.jpg"
              />
            </button>
          </div>
          <div>
            <button
              class="selImage"
            >
              <img
                alt="https://picsum.photos/id/621/1600/900.jpg"
                class="thumbnailImage"
                src="https://picsum.photos/id/621/1600/900.jpg"
              />
            </button>
          </div>
          <div>
            <button
              class="selImage"
            >
              <img
                alt="https://picsum.photos/id/622/1600/900.jpg"
                class="thumbnailImage"
                src="https://picsum.photos/id/622/1600/900.jpg"
              />
            </button>
          </div>
          <div>
            <button
              class="selImage"
            >
              <img
                alt="https://picsum.photos/id/623/1600/900.jpg"
                class="thumbnailImage"
                src="https://picsum.photos/id/623/1600/900.jpg"
              />
            </button>
          </div>
          <div>
            <button
              class="selImage"
            >
              <img
                alt="https://picsum.photos/id/625/1600/900.jpg"
                class="thumbnailImage"
                src="https://picsum.photos/id/625/1600/900.jpg"
              />
            </button>
          </div>
          <div>
            <button
              class="selImage"
            >
              <img
                alt="https://picsum.photos/id/626/1600/900.jpg"
                class="thumbnailImage"
                src="https://picsum.photos/id/626/1600/900.jpg"
              />
            </button>
          </div>
          <div>
            <button
              class="selImage"
            >
              <img
                alt="https://picsum.photos/id/627/1600/900.jpg"
                class="thumbnailImage"
                src="https://picsum.photos/id/627/1600/900.jpg"
              />
            </button>
          </div>
          <div>
            <button
              class="selImage"
            >
              <img
                alt="https://picsum.photos/id/628/1600/900.jpg"
                class="thumbnailImage"
                src="https://picsum.photos/id/628/1600/900.jpg"
              />
            </button>
          </div>
          <div>
            <button
              class="selImage"
            >
              <img
                alt="https://picsum.photos/id/629/1600/900.jpg"
                class="thumbnailImage"
                src="https://picsum.photos/id/629/1600/900.jpg"
              />
            </button>
          </div>
          <div>
            <button
              class="selImage"
            >
              <img
                alt="https://picsum.photos/id/630/1600/900.jpg"
                class="thumbnailImage"
                src="https://picsum.photos/id/630/1600/900.jpg"
              />
            </button>
          </div>
          <div>
            <button
              class="selImage"
            >
              <img
                alt="https://picsum.photos/id/631/1600/900.jpg"
                class="thumbnailImage"
                src="https://picsum.photos/id/631/1600/900.jpg"
              />
            </button>
          </div>
          <div>
            <button
              class="selImage"
            >
              <img
                alt="https://picsum.photos/id/633/1600/900.jpg"
                class="thumbnailImage"
                src="https://picsum.photos/id/633/1600/900.jpg"
              />
            </button>
          </div>
          <div>
            <button
              class="selImage"
            >
              <img
                alt="https://picsum.photos/id/634/1600/900.jpg"
                class="thumbnailImage"
                src="https://picsum.photos/id/634/1600/900.jpg"
              />
            </button>
          </div>
          <div>
            <button
              class="selImage"
            >
              <img
                alt="https://picsum.photos/id/635/1600/900.jpg"
                class="thumbnailImage"
                src="https://picsum.photos/id/635/1600/900.jpg"
              />
            </button>
          </div>
          <div>
            <button
              class="selImage"
            >
              <img
                alt="https://picsum.photos/id/637/1600/900.jpg"
                class="thumbnailImage"
                src="https://picsum.photos/id/637/1600/900.jpg"
              />
            </button>
          </div>
          <div>
            <button
              class="selImage"
            >
              <img
                alt="https://picsum.photos/id/638/1600/900.jpg"
                class="thumbnailImage"
                src="https://picsum.photos/id/638/1600/900.jpg"
              />
            </button>
          </div>
          <div>
            <button
              class="selImage"
            >
              <img
                alt="https://picsum.photos/id/639/1600/900.jpg"
                class="thumbnailImage"
                src="https://picsum.photos/id/639/1600/900.jpg"
              />
            </button>
          </div>
          <div>
            <button
              class="selImage"
            >
              <img
                alt="https://picsum.photos/id/640/1600/900.jpg"
                class="thumbnailImage"
                src="https://picsum.photos/id/640/1600/900.jpg"
              />
            </button>
          </div>
          <div>
            <button
              class="selImage"
            >
              <img
                alt="https://picsum.photos/id/641/1600/900.jpg"
                class="thumbnailImage"
                src="https://picsum.photos/id/641/1600/900.jpg"
              />
            </button>
          </div>
          <div>
            <button
              class="selImage"
            >
              <img
                alt="https://picsum.photos/id/642/1600/900.jpg"
                class="thumbnailImage"
                src="https://picsum.photos/id/642/1600/900.jpg"
              />
            </button>
          </div>
          <div>
            <button
              class="selImage"
            >
              <img
                alt="https://picsum.photos/id/643/1600/900.jpg"
                class="thumbnailImage"
                src="https://picsum.photos/id/643/1600/900.jpg"
              />
            </button>
          </div>
          <div>
            <button
              class="selImage"
            >
              <img
                alt="https://picsum.photos/id/645/1600/900.jpg"
                class="thumbnailImage"
                src="https://picsum.photos/id/645/1600/900.jpg"
              />
            </button>
          </div>
          <div>
            <button
              class="selImage"
            >
              <img
                alt="https://picsum.photos/id/646/1600/900.jpg"
                class="thumbnailImage"
                src="https://picsum.photos/id/646/1600/900.jpg"
              />
            </button>
          </div>
          <div>
            <button
              class="selImage"
            >
              <img
                alt="https://picsum.photos/id/648/1600/900.jpg"
                class="thumbnailImage"
                src="https://picsum.photos/id/648/1600/900.jpg"
              />
            </button>
          </div>
          <div>
            <button
              class="selImage"
            >
              <img
                alt="https://picsum.photos/id/649/1600/900.jpg"
                class="thumbnailImage"
                src="https://picsum.photos/id/649/1600/900.jpg"
              />
            </button>
          </div>
        </div>
      </div>
    </div>
  </body>,
  "container": <div>
    <div>
      <div
        class="mainphoto"
      >
        <p
          class="TextInstruction"
        >
           React Photo Viewer
        </p>
        <img
          class="selectedImage"
          src="https://picsum.photos/id/600/1600/900.jpg"
        />
      </div>
      <p
        class="TextInstruction"
      >
         Select your photo
      </p>
      <div
        class="imageSelector"
      >
        <div>
          <button
            class="selImage"
          >
            <img
              alt="https://picsum.photos/id/600/1600/900.jpg"
              class="thumbnailImage"
              src="https://picsum.photos/id/600/1600/900.jpg"
            />
          </button>
        </div>
        <div>
          <button
            class="selImage"
          >
            <img
              alt="https://picsum.photos/id/602/1600/900.jpg"
              class="thumbnailImage"
              src="https://picsum.photos/id/602/1600/900.jpg"
            />
          </button>
        </div>
        <div>
          <button
            class="selImage"
          >
            <img
              alt="https://picsum.photos/id/603/1600/900.jpg"
              class="thumbnailImage"
              src="https://picsum.photos/id/603/1600/900.jpg"
            />
          </button>
        </div>
        <div>
          <button
            class="selImage"
          >
            <img
              alt="https://picsum.photos/id/604/1600/900.jpg"
              class="thumbnailImage"
              src="https://picsum.photos/id/604/1600/900.jpg"
            />
          </button>
        </div>
        <div>
          <button
            class="selImage"
          >
            <img
              alt="https://picsum.photos/id/605/1600/900.jpg"
              class="thumbnailImage"
              src="https://picsum.photos/id/605/1600/900.jpg"
            />
          </button>
        </div>
        <div>
          <button
            class="selImage"
          >
            <img
              alt="https://picsum.photos/id/606/1600/900.jpg"
              class="thumbnailImage"
              src="https://picsum.photos/id/606/1600/900.jpg"
            />
          </button>
        </div>
        <div>
          <button
            class="selImage"
          >
            <img
              alt="https://picsum.photos/id/607/1600/900.jpg"
              class="thumbnailImage"
              src="https://picsum.photos/id/607/1600/900.jpg"
            />
          </button>
        </div>
        <div>
          <button
            class="selImage"
          >
            <img
              alt="https://picsum.photos/id/608/1600/900.jpg"
              class="thumbnailImage"
              src="https://picsum.photos/id/608/1600/900.jpg"
            />
          </button>
        </div>
        <div>
          <button
            class="selImage"
          >
            <img
              alt="https://picsum.photos/id/609/1600/900.jpg"
              class="thumbnailImage"
              src="https://picsum.photos/id/609/1600/900.jpg"
            />
          </button>
        </div>
        <div>
          <button
            class="selImage"
          >
            <img
              alt="https://picsum.photos/id/610/1600/900.jpg"
              class="thumbnailImage"
              src="https://picsum.photos/id/610/1600/900.jpg"
            />
          </button>
        </div>
        <div>
          <button
            class="selImage"
          >
            <img
              alt="https://picsum.photos/id/611/1600/900.jpg"
              class="thumbnailImage"
              src="https://picsum.photos/id/611/1600/900.jpg"
            />
          </button>
        </div>
        <div>
          <button
            class="selImage"
          >
            <img
              alt="https://picsum.photos/id/612/1600/900.jpg"
              class="thumbnailImage"
              src="https://picsum.photos/id/612/1600/900.jpg"
            />
          </button>
        </div>
        <div>
          <button
            class="selImage"
          >
            <img
              alt="https://picsum.photos/id/613/1600/900.jpg"
              class="thumbnailImage"
              src="https://picsum.photos/id/613/1600/900.jpg"
            />
          </button>
        </div>
        <div>
          <button
            class="selImage"
          >
            <img
              alt="https://picsum.photos/id/614/1600/900.jpg"
              class="thumbnailImage"
              src="https://picsum.photos/id/614/1600/900.jpg"
            />
          </button>
        </div>
        <div>
          <button
            class="selImage"
          >
            <img
              alt="https://picsum.photos/id/615/1600/900.jpg"
              class="thumbnailImage"
              src="https://picsum.photos/id/615/1600/900.jpg"
            />
          </button>
        </div>
        <div>
          <button
            class="selImage"
          >
            <img
              alt="https://picsum.photos/id/616/1600/900.jpg"
              class="thumbnailImage"
              src="https://picsum.photos/id/616/1600/900.jpg"
            />
          </button>
        </div>
        <div>
          <button
            class="selImage"
          >
            <img
              alt="https://picsum.photos/id/617/1600/900.jpg"
              class="thumbnailImage"
              src="https://picsum.photos/id/617/1600/900.jpg"
            />
          </button>
        </div>
        <div>
          <button
            class="selImage"
          >
            <img
              alt="https://picsum.photos/id/618/1600/900.jpg"
              class="thumbnailImage"
              src="https://picsum.photos/id/618/1600/900.jpg"
            />
          </button>
        </div>
        <div>
          <button
            class="selImage"
          >
            <img
              alt="https://picsum.photos/id/619/1600/900.jpg"
              class="thumbnailImage"
              src="https://picsum.photos/id/619/1600/900.jpg"
            />
          </button>
        </div>
        <div>
          <button
            class="selImage"
          >
            <img
              alt="https://picsum.photos/id/620/1600/900.jpg"
              class="thumbnailImage"
              src="https://picsum.photos/id/620/1600/900.jpg"
            />
          </button>
        </div>
        <div>
          <button
            class="selImage"
          >
            <img
              alt="https://picsum.photos/id/621/1600/900.jpg"
              class="thumbnailImage"
              src="https://picsum.photos/id/621/1600/900.jpg"
            />
          </button>
        </div>
        <div>
          <button
            class="selImage"
          >
            <img
              alt="https://picsum.photos/id/622/1600/900.jpg"
              class="thumbnailImage"
              src="https://picsum.photos/id/622/1600/900.jpg"
            />
          </button>
        </div>
        <div>
          <button
            class="selImage"
          >
            <img
              alt="https://picsum.photos/id/623/1600/900.jpg"
              class="thumbnailImage"
              src="https://picsum.photos/id/623/1600/900.jpg"
            />
          </button>
        </div>
        <div>
          <button
            class="selImage"
          >
            <img
              alt="https://picsum.photos/id/625/1600/900.jpg"
              class="thumbnailImage"
              src="https://picsum.photos/id/625/1600/900.jpg"
            />
          </button>
        </div>
        <div>
          <button
            class="selImage"
          >
            <img
              alt="https://picsum.photos/id/626/1600/900.jpg"
              class="thumbnailImage"
              src="https://picsum.photos/id/626/1600/900.jpg"
            />
          </button>
        </div>
        <div>
          <button
            class="selImage"
          >
            <img
              alt="https://picsum.photos/id/627/1600/900.jpg"
              class="thumbnailImage"
              src="https://picsum.photos/id/627/1600/900.jpg"
            />
          </button>
        </div>
        <div>
          <button
            class="selImage"
          >
            <img
              alt="https://picsum.photos/id/628/1600/900.jpg"
              class="thumbnailImage"
              src="https://picsum.photos/id/628/1600/900.jpg"
            />
          </button>
        </div>
        <div>
          <button
            class="selImage"
          >
            <img
              alt="https://picsum.photos/id/629/1600/900.jpg"
              class="thumbnailImage"
              src="https://picsum.photos/id/629/1600/900.jpg"
            />
          </button>
        </div>
        <div>
          <button
            class="selImage"
          >
            <img
              alt="https://picsum.photos/id/630/1600/900.jpg"
              class="thumbnailImage"
              src="https://picsum.photos/id/630/1600/900.jpg"
            />
          </button>
        </div>
        <div>
          <button
            class="selImage"
          >
            <img
              alt="https://picsum.photos/id/631/1600/900.jpg"
              class="thumbnailImage"
              src="https://picsum.photos/id/631/1600/900.jpg"
            />
          </button>
        </div>
        <div>
          <button
            class="selImage"
          >
            <img
              alt="https://picsum.photos/id/633/1600/900.jpg"
              class="thumbnailImage"
              src="https://picsum.photos/id/633/1600/900.jpg"
            />
          </button>
        </div>
        <div>
          <button
            class="selImage"
          >
            <img
              alt="https://picsum.photos/id/634/1600/900.jpg"
              class="thumbnailImage"
              src="https://picsum.photos/id/634/1600/900.jpg"
            />
          </button>
        </div>
        <div>
          <button
            class="selImage"
          >
            <img
              alt="https://picsum.photos/id/635/1600/900.jpg"
              class="thumbnailImage"
              src="https://picsum.photos/id/635/1600/900.jpg"
            />
          </button>
        </div>
        <div>
          <button
            class="selImage"
          >
            <img
              alt="https://picsum.photos/id/637/1600/900.jpg"
              class="thumbnailImage"
              src="https://picsum.photos/id/637/1600/900.jpg"
            />
          </button>
        </div>
        <div>
          <button
            class="selImage"
          >
            <img
              alt="https://picsum.photos/id/638/1600/900.jpg"
              class="thumbnailImage"
              src="https://picsum.photos/id/638/1600/900.jpg"
            />
          </button>
        </div>
        <div>
          <button
            class="selImage"
          >
            <img
              alt="https://picsum.photos/id/639/1600/900.jpg"
              class="thumbnailImage"
              src="https://picsum.photos/id/639/1600/900.jpg"
            />
          </button>
        </div>
        <div>
          <button
            class="selImage"
          >
            <img
              alt="https://picsum.photos/id/640/1600/900.jpg"
              class="thumbnailImage"
              src="https://picsum.photos/id/640/1600/900.jpg"
            />
          </button>
        </div>
        <div>
          <button
            class="selImage"
          >
            <img
              alt="https://picsum.photos/id/641/1600/900.jpg"
              class="thumbnailImage"
              src="https://picsum.photos/id/641/1600/900.jpg"
            />
          </button>
        </div>
        <div>
          <button
            class="selImage"
          >
            <img
              alt="https://picsum.photos/id/642/1600/900.jpg"
              class="thumbnailImage"
              src="https://picsum.photos/id/642/1600/900.jpg"
            />
          </button>
        </div>
        <div>
          <button
            class="selImage"
          >
            <img
              alt="https://picsum.photos/id/643/1600/900.jpg"
              class="thumbnailImage"
              src="https://picsum.photos/id/643/1600/900.jpg"
            />
          </button>
        </div>
        <div>
          <button
            class="selImage"
          >
            <img
              alt="https://picsum.photos/id/645/1600/900.jpg"
              class="thumbnailImage"
              src="https://picsum.photos/id/645/1600/900.jpg"
            />
          </button>
        </div>
        <div>
          <button
            class="selImage"
          >
            <img
              alt="https://picsum.photos/id/646/1600/900.jpg"
              class="thumbnailImage"
              src="https://picsum.photos/id/646/1600/900.jpg"
            />
          </button>
        </div>
        <div>
          <button
            class="selImage"
          >
            <img
              alt="https://picsum.photos/id/648/1600/900.jpg"
              class="thumbnailImage"
              src="https://picsum.photos/id/648/1600/900.jpg"
            />
          </button>
        </div>
        <div>
          <button
            class="selImage"
          >
            <img
              alt="https://picsum.photos/id/649/1600/900.jpg"
              class="thumbnailImage"
              src="https://picsum.photos/id/649/1600/900.jpg"
            />
          </button>
        </div>
      </div>
    </div>
  </div>,
  "debug": [Function],
  "findAllByAltText": [Function],
  "findAllByDisplayValue": [Function],
  "findAllByLabelText": [Function],
  "findAllByPlaceholderText": [Function],
  "findAllByRole": [Function],
  "findAllByTestId": [Function],
  "findAllByText": [Function],
  "findAllByTitle": [Function],
  "findByAltText": [Function],
  "findByDisplayValue": [Function],
  "findByLabelText": [Function],
  "findByPlaceholderText": [Function],
  "findByRole": [Function],
  "findByTestId": [Function],
  "findByText": [Function],
  "findByTitle": [Function],
  "getAllByAltText": [Function],
  "getAllByDisplayValue": [Function],
  "getAllByLabelText": [Function],
  "getAllByPlaceholderText": [Function],
  "getAllByRole": [Function],
  "getAllByTestId": [Function],
  "getAllByText": [Function],
  "getAllByTitle": [Function],
  "getByAltText": [Function],
  "getByDisplayValue": [Function],
  "getByLabelText": [Function],
  "getByPlaceholderText": [Function],
  "getByRole": [Function],
  "getByTestId": [Function],
  "getByText": [Function],
  "getByTitle": [Function],
  "queryAllByAltText": [Function],
  "queryAllByDisplayValue": [Function],
  "queryAllByLabelText": [Function],
  "queryAllByPlaceholderText": [Function],
  "queryAllByRole": [Function],
  "queryAllByTestId": [Function],
  "queryAllByText": [Function],
  "queryAllByTitle": [Function],
  "queryByAltText": [Function],
  "queryByDisplayValue": [Function],
  "queryByLabelText": [Function],
  "queryByPlaceholderText": [Function],
  "queryByRole": [Function],
  "queryByTestId": [Function],
  "queryByText": [Function],
  "queryByTitle": [Function],
  "rerender": [Function],
  "unmount": [Function],
}
`;
